src/components/Admin/views/TicketsView.tsx(118,19): error TS6133: 'res' is declared but its value is never read.
src/components/Admin/views/TicketsView.tsx(144,27): error TS18047: 'selectedTicket' is possibly 'null'.
src/components/Auth/SecureEditPage.tsx(13,12): error TS6133: 'valid' is declared but its value is never read.
src/components/Auth/SecureEditPage.tsx(14,12): error TS6133: 'userId' is declared but its value is never read.
src/components/CardGrid.tsx(30,58): error TS2538: Type 'undefined' cannot be used as an index type.
src/components/CardGrid.tsx(31,55): error TS2538: Type 'undefined' cannot be used as an index type.
src/components/Dashboard.tsx(58,24): error TS6133: 'err' is declared but its value is never read.
